<dec f='linux-5.3.1/include/rdma/signature.h' l='116' type='u32'/>
<offset>32</offset>
